CASE fresh-first
TCS BOOT TEST ONLY
BOOT status=0
BOOT nonce=744806aedb848da5c8d0b225bc0bc856508f4f04cf69c950b6651172b5d6b888
BOOT key=d75a980182b10ab7d54bfed3c964073a0ee172f3daa62325af021a68f707511a
COMMAND transport=0
COMMAND admission=0
COMMAND duplicate=6
COMMAND replay=5
TCS BOOT TEST DONE
PASS reset exits without reusing context
CASE fresh-second
TCS BOOT TEST ONLY
BOOT status=0
BOOT nonce=a9dfc94ee4555d3893e5713d50abf299a5a71c5988156372157a6090911a2761
BOOT key=d75a980182b10ab7d54bfed3c964073a0ee172f3daa62325af021a68f707511a
COMMAND transport=0
COMMAND admission=0
COMMAND duplicate=6
COMMAND replay=5
TCS BOOT TEST DONE
CASE old-signed-command
TCS BOOT TEST ONLY
BOOT status=0
BOOT nonce=a9dfc94ee4555d3893e5713d50abf299a5a71c5988156372157a6090911a2761
BOOT key=d75a980182b10ab7d54bfed3c964073a0ee172f3daa62325af021a68f707511a
COMMAND transport=0
COMMAND admission=3
TCS BOOT TEST DONE
CASE missing-context
TCS BOOT TEST ONLY
BOOT status=5
TCS BOOT TEST DONE
CASE short-context
TCS BOOT TEST ONLY
BOOT status=6
TCS BOOT TEST DONE
CASE long-context
TCS BOOT TEST ONLY
BOOT status=6
TCS BOOT TEST DONE
CASE not-test-format
TCS BOOT TEST ONLY
BOOT status=7
TCS BOOT TEST DONE
CASE zero-boot
TCS BOOT TEST ONLY
BOOT status=7
TCS BOOT TEST DONE
CASE zero-key
TCS BOOT TEST ONLY
BOOT status=7
TCS BOOT TEST DONE
CASE changed-realm
TCS BOOT TEST ONLY
BOOT status=0
BOOT nonce=744806aedb848da5c8d0b225bc0bc856508f4f04cf69c950b6651172b5d6b888
BOOT key=d75a980182b10ab7d54bfed3c964073a0ee172f3daa62325af021a68f707511a
COMMAND transport=0
COMMAND admission=3
TCS BOOT TEST DONE
CASE changed-key
TCS BOOT TEST ONLY
BOOT status=0
BOOT nonce=744806aedb848da5c8d0b225bc0bc856508f4f04cf69c950b6651172b5d6b888
BOOT key=d65a980182b10ab7d54bfed3c964073a0ee172f3daa62325af021a68f707511a
COMMAND transport=0
COMMAND admission=4
TCS BOOT TEST DONE
CASE missing-command
TCS BOOT TEST ONLY
BOOT status=0
BOOT nonce=744806aedb848da5c8d0b225bc0bc856508f4f04cf69c950b6651172b5d6b888
BOOT key=d75a980182b10ab7d54bfed3c964073a0ee172f3daa62325af021a68f707511a
COMMAND transport=5
TCS BOOT TEST DONE
CASE short-command
TCS BOOT TEST ONLY
BOOT status=0
BOOT nonce=744806aedb848da5c8d0b225bc0bc856508f4f04cf69c950b6651172b5d6b888
BOOT key=d75a980182b10ab7d54bfed3c964073a0ee172f3daa62325af021a68f707511a
COMMAND transport=6
TCS BOOT TEST DONE
CASE bad-signature
TCS BOOT TEST ONLY
BOOT status=0
BOOT nonce=744806aedb848da5c8d0b225bc0bc856508f4f04cf69c950b6651172b5d6b888
BOOT key=d75a980182b10ab7d54bfed3c964073a0ee172f3daa62325af021a68f707511a
COMMAND transport=0
COMMAND admission=4
TCS BOOT TEST DONE
CASE dma-enabled
TCS BOOT TEST ONLY
BOOT status=3
TCS BOOT TEST DONE
