TCS LIFECYCLE READY (release-kernel, TEST-ONLY, fixture approval)
STATE 0 0 0 0 0 0 0 0 0 0 0 0 0 0 0 0 0 0 0 0 0 0 0 0 0 0 0 0
fixture> nextx
ERROR fixture commands: status | next
fixture> next^C
ERROR discarded input
fixture> status
STATE 0 0 0 0 0 0 0 0 0 0 0 0 0 0 0 0 0 0 0 0 0 0 0 0 0 0 0 0
fixture> next
STATE 1 0 0 1 2 1 0 0 0 0 0 0 0 0 0 0 0 0 0 0 0 0 0 0 0 1 0 0
fixture> next
STATE 2 0 0 1 3 1 1 1 0 0 0 0 0 0 0 0 0 0 0 0 0 0 1 0 1 1 539756 0
fixture> status
STATE 2 0 0 1 3 1 1 1 0 0 0 0 0 0 0 0 0 0 0 0 0 0 1 0 1 1 1932621 0
fixture> next
STATE 3 0 0 1 4 1 1 1 1 0 0 0 0 0 0 0 0 0 0 0 0 0 1 0 1 1 1932621 0
fixture> status
STATE 3 0 0 1 4 1 1 1 1 0 0 0 0 0 0 0 0 0 0 0 0 0 1 0 1 1 1932621 0
fixture> status
STATE 3 0 0 1 4 1 1 1 1 0 0 0 0 0 0 0 0 0 0 0 0 0 1 0 1 1 1932621 0
fixture> status
STATE 3 0 0 1 4 1 1 1 1 0 0 0 0 0 0 0 0 0 0 0 0 0 1 0 1 1 1932621 0
fixture> status
STATE 3 0 0 1 4 1 1 1 1 0 0 0 0 0 0 0 0 0 0 0 0 0 1 0 1 1 1932621 0
fixture> status
STATE 3 0 0 1 4 1 1 1 1 0 0 0 0 0 0 0 0 0 0 0 0 0 1 0 1 1 1932621 0
fixture> next
STATE 4 0 0 1 5 1 1 0 1 1 0 0 0 0 0 0 0 0 0 0 0 0 1 1 0 1 1932621 0
fixture> next
STATE 5 0 0 2 5 1 1 0 1 1 2 2 0 0 0 0 0 0 0 0 0 0 1 1 0 3 1932621 0
fixture> next
STATE 6 0 1 2 5 1 1 0 1 1 4 2 1 1 1 0 2097980 233492480 2480898118 0 1 2 2 1 2 3 1932621 128
fixture> next
STATE 7 0 1 2 5 1 1 0 1 1 5 2 1 0 1 1 2097980 233492480 2480898118 0 1 2 2 2 0 3 1932621 128
fixture> next
STATE 8 0 1 2 5 1 1 0 1 1 5 2 1 0 1 1 2097980 233492480 2480898118 0 1 2 2 2 0 3 1932621 128
TCS LIFECYCLE PASS (test fixture, no resource reuse)
fixture> status
STATE 8 0 1 2 5 1 1 0 1 1 5 2 1 0 1 1 2097980 233492480 2480898118 0 1 2 2 2 0 3 1932621 128
fixture> status
STATE 8 0 1 2 5 1 1 0 1 1 5 2 1 0 1 1 2097980 233492480 2480898118 0 1 2 2 2 0 3 1932621 128
fixture> status
STATE 8 0 1 2 5 1 1 0 1 1 5 2 1 0 1 1 2097980 233492480 2480898118 0 1 2 2 2 0 3 1932621 128
fixture> qemu-system-aarch64: terminating on signal 15 from pid 79723 (<unknown process>)
