TCS TERMINAL READY (release-kernel, read-only)
tcs> version
TCS 0.2-dev / release-kernel / read-only terminal
tcs> help
help | version | status | read <generation>
No administration commands.
tcs> status
SELF state=restricted generation=0 object=0 rights=0
tcs> status
SELF state=restricted generation=0 object=0 rights=0
tcs> status
SELF state=restricted generation=0 object=0 rights=0
tcs> status
SELF state=restricted generation=0 object=0 rights=0
tcs> status
SELF state=restricted generation=0 object=0 rights=0
tcs> status
SELF state=restricted generation=0 object=0 rights=0
tcs> status
SELF state=restricted generation=0 object=0 rights=0
tcs> status
SELF state=restricted generation=0 object=0 rights=0
tcs> status
SELF state=restricted generation=0 object=0 rights=0
tcs> status
SELF state=restricted generation=0 object=0 rights=0
tcs> status
SELF state=restricted generation=0 object=0 rights=0
tcs> status
SELF state=restricted generation=0 object=0 rights=0
tcs> status
SELF state=restricted generation=0 object=0 rights=0
tcs> status
SELF state=restricted generation=0 object=0 rights=0
tcs> status
SELF state=restricted generation=0 object=0 rights=0
tcs> status
SELF state=restricted generation=0 object=0 rights=0
tcs> status
SELF state=restricted generation=0 object=0 rights=0
tcs> status
SELF state=restricted generation=0 object=0 rights=0
tcs> status
SELF state=restricted generation=0 object=0 rights=0
tcs> status
SELF state=restricted generation=0 object=0 rights=0
tcs> status
SELF state=restricted generation=0 object=0 rights=0
tcs> status
SELF state=restricted generation=0 object=0 rights=0
tcs> status
SELF state=restricted generation=0 object=0 rights=0
tcs> status
SELF state=restricted generation=0 object=0 rights=0
tcs> status
SELF state=restricted generation=0 object=0 rights=0
tcs> status
SELF state=restricted generation=0 object=0 rights=0
tcs> status
SELF state=restricted generation=0 object=0 rights=0
tcs> status
SELF state=restricted generation=0 object=0 rights=0
tcs> status
SELF state=restricted generation=0 object=0 rights=0
tcs> status
SELF state=restricted generation=0 object=0 rights=0
tcs> status
SELF state=restricted generation=0 object=0 rights=0
tcs> status
SELF state=restricted generation=0 object=0 rights=0
tcs> status
SELF state=restricted generation=0 object=0 rights=0
tcs> status
SELF state=restricted generation=0 object=0 rights=0
tcs> status
SELF state=restricted generation=0 object=0 rights=0
tcs> status
SELF state=restricted generation=0 object=0 rights=0
tcs> status
SELF state=restricted generation=0 object=0 rights=0
tcs> status
SELF state=restricted generation=0 object=0 rights=0
tcs> status
SELF state=restricted generation=0 object=0 rights=0
tcs> status
SELF state=restricted generation=0 object=0 rights=0
tcs> status
SELF state=restricted generation=0 object=0 rights=0
tcs> status
SELF state=restricted generation=0 object=0 rights=0
tcs> status
SELF state=restricted generation=0 object=0 rights=0
tcs> status
SELF state=restricted generation=0 object=0 rights=0
tcs> status
SELF state=restricted generation=0 object=0 rights=0
tcs> status
SELF state=restricted generation=0 object=0 rights=0
tcs> status
SELF state=restricted generation=0 object=0 rights=0
tcs> status
SELF state=restricted generation=0 object=0 rights=0
tcs> status
SELF state=restricted generation=0 object=0 rights=0
tcs> status
SELF state=restricted generation=0 object=0 rights=0
tcs> status
SELF state=restricted generation=0 object=0 rights=0
tcs> status
SELF state=restricted generation=0 object=0 rights=0
tcs> status
SELF state=restricted generation=0 object=0 rights=0
tcs> status
SELF state=restricted generation=0 object=0 rights=0
tcs> status
SELF state=restricted generation=0 object=0 rights=0
tcs> status
SELF state=restricted generation=0 object=0 rights=0
tcs> status
SELF state=restricted generation=0 object=0 rights=0
tcs> status
SELF state=restricted generation=0 object=0 rights=0
tcs> status
SELF state=restricted generation=0 object=0 rights=0
tcs> status
SELF state=restricted generation=0 object=0 rights=0
tcs> status
SELF state=restricted generation=0 object=0 rights=0
tcs> status
SELF state=restricted generation=0 object=0 rights=0
tcs> status
SELF state=restricted generation=0 object=0 rights=0
tcs> status
SELF state=restricted generation=0 object=0 rights=0
tcs> status
SELF state=restricted generation=0 object=0 rights=0
tcs> status
SELF state=restricted generation=0 object=0 rights=0
tcs> status
SELF state=restricted generation=0 object=0 rights=0
tcs> status
SELF state=restricted generation=0 object=0 rights=0
tcs> status
SELF state=restricted generation=0 object=0 rights=0
tcs> status
SELF state=restricted generation=0 object=0 rights=0
tcs> status
SELF state=restricted generation=0 object=0 rights=0
tcs> status
SELF state=restricted generation=0 object=0 rights=0
tcs> status
SELF state=restricted generation=0 object=0 rights=0
tcs> status
SELF state=restricted generation=0 object=0 rights=0
tcs> status
SELF state=restricted generation=0 object=0 rights=0
tcs> status
SELF state=restricted generation=0 object=0 rights=0
tcs> status
SELF state=restricted generation=0 object=0 rights=0
tcs> status
SELF state=restricted generation=0 object=0 rights=0
tcs> status
SELF state=restricted generation=0 object=0 rights=0
tcs> status
SELF state=restricted generation=0 object=0 rights=0
tcs> status
SELF state=restricted generation=0 object=0 rights=0
tcs> read 1
READ DENIED status=1
tcs> read 18446744073709551615
READ DENIED status=1
tcs> grant 1
ERROR unknown or malformed command
tcs> revoke 1
ERROR unknown or malformed command
tcs> restore 1
ERROR unknown or malformed command
tcs> quarantine 1
ERROR unknown or malformed command
tcs> read 0
ERROR unknown or malformed command
tcs> read -1
ERROR unknown or malformed command
tcs> read 18446744073709551616
ERROR unknown or malformed command
tcs> help now
ERROR unknown or malformed command
tcs> READ 1
ERROR unknown or malformed command
tcs> status 2
ERROR unknown or malformed command
tcs> status 1 grant
ERROR unknown or malformed command
tcs> help
ERROR discarded input line
tcs> version
TCS 0.2-dev / release-kernel / read-only terminal
tcs> help
ERROR discarded input line
tcs> version
TCS 0.2-dev / release-kernel / read-only terminal
tcs> help                                                                                                                           
ERROR discarded input line
tcs> version
TCS 0.2-dev / release-kernel / read-only terminal
tcs> versiom n
TCS 0.2-dev / release-kernel / read-only terminal
tcs> version
TCS 0.2-dev / release-kernel / read-only terminal
tcs> version x 
TCS 0.2-dev / release-kernel / read-only terminal
tcs> read 1^C
CANCELLED
tcs> version
TCS 0.2-dev / release-kernel / read-only terminal
tcs> help
help | version | status | read <generation>
No administration commands.
tcs> tcs> MON|ERROR microkit_test
ERROR unknown or malformed command
tcs> help                                                                                                                           
help | version | status | read <generation>
No administration commands.
tcs> read 1
READ DENIED status=1
tcs> status
SELF state=restricted generation=0 object=0 rights=0
tcs> read 1
INPUT LOST; discard until Enter or Ctrl-C

ERROR discarded input line
tcs> status
SELF state=restricted generation=0 object=0 rights=0
tcs> sta
INPUT LOST; discard until Enter or Ctrl-C

ERROR discarded input line
tcs> status
SELF state=restricted generation=0 object=0 rights=0
tcs> 
INPUT LOST; discard until Enter or Ctrl-C
^C
CANCELLED
tcs> read 1
READ DENIED status=1
tcs> status
SELF state=restricted generation=0 object=0 rights=0
tcs> qemu-system-aarch64: terminating on signal 15 from pid 57538 (<unknown process>)
