LDR|INFO: Setting all interrupts to Group 1
LDR|INFO: GICv2 ITLinesNumber: 0x00000008
LDR|INFO|CPU0: CurrentEL=EL2
LDR|INFO|CPU0: Resetting CNTVOFF
LDR|INFO: disabling MMU (if it was enabled)
LDR|INFO: PSCI version is 1.1
LDR|INFO: loader for seL4 starting
LDR|INFO: flags:
             seL4 configured as hypervisor
LDR|INFO: kernel:      entry:   0x0000008060000000
LDR|INFO: root server: physmem: 0x0000000060258000 -- 0x00000000602c6000
LDR|INFO:              virtmem: 0x0000000000200000 -- 0x000000000026e000
LDR|INFO:              entry  : 0x0000000000222fe8
LDR|INFO: region: 0x00000000   addr: 0x0000000060000000   size: 0x0000000000258000   offset: 0x0000000000000000   type: 0x0000000000000001
LDR|INFO: region: 0x00000001   addr: 0x0000000060258000   size: 0x000000000000b2b8   offset: 0x0000000000258000   type: 0x0000000000000001
LDR|INFO: region: 0x00000002   addr: 0x00000000602732b8   size: 0x000000000001475c   offset: 0x00000000002632b8   type: 0x0000000000000001
LDR|INFO: region: 0x00000003   addr: 0x0000000060297a18   size: 0x0000000000010088   offset: 0x0000000000277a14   type: 0x0000000000000001
LDR|INFO: region: 0x00000004   addr: 0x00000000602a8000   size: 0x0000000000004a40   offset: 0x0000000000287a9c   type: 0x0000000000000001
LDR|INFO: region: 0x00000005   addr: 0x00000000602ad000   size: 0x0000000000017000   offset: 0x000000000028c4dc   type: 0x0000000000000001
LDR|INFO: region: 0x00000006   addr: 0x00000000602c5000   size: 0x00000000000001f8   offset: 0x00000000002a34dc   type: 0x0000000000000001
LDR|INFO: copying region 0x00000000
LDR|INFO: copying region 0x00000001
LDR|INFO: copying region 0x00000002
LDR|INFO: copying region 0x00000003
LDR|INFO: copying region 0x00000004
LDR|INFO: copying region 0x00000005
LDR|INFO: copying region 0x00000006
LDR|INFO|CPU0: active CPUs to start: 0x00000001
LDR|INFO|CPU0: enabling MMU
LDR|INFO|CPU0: CurrentEL=EL2
LDR|INFO|CPU0: Resetting CNTVOFF
LDR|INFO|CPU0: enabling MMU
LDR|INFO|CPU0: jumping to kernel
Bootstrapping kernel
Warning: Could not infer GIC interrupt target ID, assuming 0.
Available phys memory regions: 1
  [60000000..c0000000)
Reserved virt address space regions: 2
  [8060000000..8060258000)
  [8060258000..80602c6000)
Booting all finished, dropped to user space
INFO  [sel4_capdl_initializer::initialize] Starting CapDL initializer
INFO  [sel4_capdl_initializer::initialize] Starting threads
MON|INFO: Microkit Monitor started!
TCS audit ready (volatile, bounded)
TCS policy ready
TCS storage ready (read-only fixture)
TCS client ready
TCS TERMINAL READY (read-only)
tcs> version
TCS 0.2-dev / read-only terminal
tcs> help
help | version | status | read <generation>
No administration commands.
tcs> status
SELF state=restricted generation=0 object=0 rights=0
tcs> status
SELF state=restricted generation=0 object=0 rights=0
tcs> status
SELF state=restricted generation=0 object=0 rights=0
tcs> status
SELF state=restricted generation=0 object=0 rights=0
tcs> status
SELF state=restricted generation=0 object=0 rights=0
tcs> status
SELF state=restricted generation=0 object=0 rights=0
tcs> status
SELF state=restricted generation=0 object=0 rights=0
tcs> status
SELF state=restricted generation=0 object=0 rights=0
tcs> status
SELF state=restricted generation=0 object=0 rights=0
tcs> status
SELF state=restricted generation=0 object=0 rights=0
tcs> status
SELF state=restricted generation=0 object=0 rights=0
tcs> status
SELF state=restricted generation=0 object=0 rights=0
tcs> status
SELF state=restricted generation=0 object=0 rights=0
tcs> status
SELF state=restricted generation=0 object=0 rights=0
tcs> status
SELF state=restricted generation=0 object=0 rights=0
tcs> status
SELF state=restricted generation=0 object=0 rights=0
tcs> status
SELF state=restricted generation=0 object=0 rights=0
tcs> status
SELF state=restricted generation=0 object=0 rights=0
tcs> status
SELF state=restricted generation=0 object=0 rights=0
tcs> status
SELF state=restricted generation=0 object=0 rights=0
tcs> status
SELF state=restricted generation=0 object=0 rights=0
tcs> status
SELF state=restricted generation=0 object=0 rights=0
tcs> status
SELF state=restricted generation=0 object=0 rights=0
tcs> status
SELF state=restricted generation=0 object=0 rights=0
tcs> status
SELF state=restricted generation=0 object=0 rights=0
tcs> status
SELF state=restricted generation=0 object=0 rights=0
tcs> status
SELF state=restricted generation=0 object=0 rights=0
tcs> status
SELF state=restricted generation=0 object=0 rights=0
tcs> status
SELF state=restricted generation=0 object=0 rights=0
tcs> status
SELF state=restricted generation=0 object=0 rights=0
tcs> status
SELF state=restricted generation=0 object=0 rights=0
tcs> status
SELF state=restricted generation=0 object=0 rights=0
tcs> status
SELF state=restricted generation=0 object=0 rights=0
tcs> status
SELF state=restricted generation=0 object=0 rights=0
tcs> status
SELF state=restricted generation=0 object=0 rights=0
tcs> status
SELF state=restricted generation=0 object=0 rights=0
tcs> status
SELF state=restricted generation=0 object=0 rights=0
tcs> status
SELF state=restricted generation=0 object=0 rights=0
tcs> status
SELF state=restricted generation=0 object=0 rights=0
tcs> status
SELF state=restricted generation=0 object=0 rights=0
tcs> status
SELF state=restricted generation=0 object=0 rights=0
tcs> status
SELF state=restricted generation=0 object=0 rights=0
tcs> status
SELF state=restricted generation=0 object=0 rights=0
tcs> status
SELF state=restricted generation=0 object=0 rights=0
tcs> status
SELF state=restricted generation=0 object=0 rights=0
tcs> status
SELF state=restricted generation=0 object=0 rights=0
tcs> status
SELF state=restricted generation=0 object=0 rights=0
tcs> status
SELF state=restricted generation=0 object=0 rights=0
tcs> status
SELF state=restricted generation=0 object=0 rights=0
tcs> status
SELF state=restricted generation=0 object=0 rights=0
tcs> status
SELF state=restricted generation=0 object=0 rights=0
tcs> status
SELF state=restricted generation=0 object=0 rights=0
tcs> status
SELF state=restricted generation=0 object=0 rights=0
tcs> status
SELF state=restricted generation=0 object=0 rights=0
tcs> status
SELF state=restricted generation=0 object=0 rights=0
tcs> status
SELF state=restricted generation=0 object=0 rights=0
tcs> status
SELF state=restricted generation=0 object=0 rights=0
tcs> status
SELF state=restricted generation=0 object=0 rights=0
tcs> status
SELF state=restricted generation=0 object=0 rights=0
tcs> status
SELF state=restricted generation=0 object=0 rights=0
tcs> status
SELF state=restricted generation=0 object=0 rights=0
tcs> status
SELF state=restricted generation=0 object=0 rights=0
tcs> status
SELF state=restricted generation=0 object=0 rights=0
tcs> status
SELF state=restricted generation=0 object=0 rights=0
tcs> status
SELF state=restricted generation=0 object=0 rights=0
tcs> status
SELF state=restricted generation=0 object=0 rights=0
tcs> status
SELF state=restricted generation=0 object=0 rights=0
tcs> status
SELF state=restricted generation=0 object=0 rights=0
tcs> status
SELF state=restricted generation=0 object=0 rights=0
tcs> status
SELF state=restricted generation=0 object=0 rights=0
tcs> status
SELF state=restricted generation=0 object=0 rights=0
tcs> status
SELF state=restricted generation=0 object=0 rights=0
tcs> status
SELF state=restricted generation=0 object=0 rights=0
tcs> status
SELF state=restricted generation=0 object=0 rights=0
tcs> status
SELF state=restricted generation=0 object=0 rights=0
tcs> status
SELF state=restricted generation=0 object=0 rights=0
tcs> status
SELF state=restricted generation=0 object=0 rights=0
tcs> status
SELF state=restricted generation=0 object=0 rights=0
tcs> status
SELF state=restricted generation=0 object=0 rights=0
tcs> status
SELF state=restricted generation=0 object=0 rights=0
tcs> status
SELF state=restricted generation=0 object=0 rights=0
tcs> read 1
TCS audit decision 1
READ DENIED status=1
tcs> read 18446744073709551615
TCS audit decision 2
READ DENIED status=1
tcs> grant 1
ERROR unknown or malformed command
tcs> revoke 1
ERROR unknown or malformed command
tcs> restore 1
ERROR unknown or malformed command
tcs> quarantine 1
ERROR unknown or malformed command
tcs> read 0
ERROR unknown or malformed command
tcs> read -1
ERROR unknown or malformed command
tcs> read 18446744073709551616
ERROR unknown or malformed command
tcs> help now
ERROR unknown or malformed command
tcs> READ 1
ERROR unknown or malformed command
tcs> status 2
ERROR unknown or malformed command
tcs> status 1 grant
ERROR unknown or malformed command
tcs> help
ERROR discarded input line
tcs> version
TCS 0.2-dev / read-only terminal
tcs> help
ERROR discarded input line
tcs> version
TCS 0.2-dev / read-only terminal
tcs> help                                                                                                                           
ERROR discarded input line
tcs> version
TCS 0.2-dev / read-only terminal
tcs> versiom n
TCS 0.2-dev / read-only terminal
tcs> version
TCS 0.2-dev / read-only terminal
tcs> version x 
TCS 0.2-dev / read-only terminal
tcs> read 1^C
CANCELLED
tcs> version
TCS 0.2-dev / read-only terminal
tcs> help
help | version | status | read <generation>
No administration commands.
tcs> tcs> MON|ERROR microkit_test
ERROR unknown or malformed command
tcs> help                                                                                                                           
help | version | status | read <generation>
No administration commands.
tcs> read 1
TCS audit decision 3
READ DENIED status=1
tcs> status
SELF state=restricted generation=0 object=0 rights=0
tcs> read 1
INPUT LOST; discard until Enter or Ctrl-C

ERROR discarded input line
tcs> status
SELF state=restricted generation=0 object=0 rights=0
tcs> sta
INPUT LOST; discard until Enter or Ctrl-C

ERROR discarded input line
tcs> status
SELF state=restricted generation=0 object=0 rights=0
tcs> 
INPUT LOST; discard until Enter or Ctrl-C
^C
CANCELLED
tcs> read 1
TCS audit decision 4
READ DENIED status=1
tcs> status
SELF state=restricted generation=0 object=0 rights=0
tcs> qemu-system-aarch64: terminating on signal 15 from pid 56376 (<unknown process>)
